// Jest Snapshot v1, https://goo.gl/fbAQLP

exports[`realm selector regular 1`] = `ReactWrapper {}`;
